[    0.000000] Initializing cgroup subsys cpuset
[    0.000000] Initializing cgroup subsys cpu
[    0.000000] Initializing cgroup subsys cpuacct
[    0.000000] Linux version 4.4.0-154-generic (buildd@lgw01-amd64-049) (gcc version 5.4.0 20160609 (Ubuntu 5.4.0-6ubuntu1~16.04.10) ) #181-Ubuntu SMP Tue Jun 25 05:29:03 UTC 2019 (Ubuntu 4.4.0-154.181-generic 4.4.179)
[    0.000000] Command line: BOOT_IMAGE=/boot/vmlinuz-4.4.0-154-generic root=LABEL=cloudimg-rootfs ro console=tty1 console=ttyS0
[    0.000000] KERNEL supported cpus:
[    0.000000]   Intel GenuineIntel
[    0.000000]   AMD AuthenticAMD
[    0.000000]   Centaur CentaurHauls
[    0.000000] x86/fpu: xstate_offset[2]:  576, xstate_sizes[2]:  256
[    0.000000] x86/fpu: Supporting XSAVE feature 0x01: 'x87 floating point registers'
[    0.000000] x86/fpu: Supporting XSAVE feature 0x02: 'SSE registers'
[    0.000000] x86/fpu: Supporting XSAVE feature 0x04: 'AVX registers'
[    0.000000] x86/fpu: Enabled xstate features 0x7, context size is 832 bytes, using 'standard' format.
[    0.000000] e820: BIOS-provided physical RAM map:
[    0.000000] BIOS-e820: [mem 0x0000000000000000-0x000000000009fbff] usable
[    0.000000] BIOS-e820: [mem 0x000000000009fc00-0x000000000009ffff] reserved
[    0.000000] BIOS-e820: [mem 0x00000000000f0000-0x00000000000fffff] reserved
[    0.000000] BIOS-e820: [mem 0x0000000000100000-0x000000003ffeffff] usable
[    0.000000] BIOS-e820: [mem 0x000000003fff0000-0x000000003fffffff] ACPI data
[    0.000000] BIOS-e820: [mem 0x00000000fec00000-0x00000000fec00fff] reserved
[    0.000000] BIOS-e820: [mem 0x00000000fee00000-0x00000000fee00fff] reserved
[    0.000000] BIOS-e820: [mem 0x00000000fffc0000-0x00000000ffffffff] reserved
[    0.000000] NX (Execute Disable) protection: active
[    0.000000] SMBIOS 2.5 present.
[    0.000000] Hypervisor detected: KVM
[    0.000000] e820: last_pfn = 0x3fff0 max_arch_pfn = 0x400000000
[    0.000000] MTRR: Disabled
[    0.000000] x86/PAT: MTRRs disabled, skipping PAT initialization too.
[    0.000000] CPU MTRRs all blank - virtualized system.
[    0.000000] x86/PAT: Configuration [0-7]: WB  WT  UC- UC  WB  WT  UC- UC  
[    0.000000] found SMP MP-table at [mem 0x0009fff0-0x0009ffff] mapped at [ffff88000009fff0]
[    0.000000] Scanning 1 areas for low memory corruption
[    0.000000] RAMDISK: [mem 0x362fc000-0x37175fff]
[    0.000000] ACPI: Early table checksum verification disabled
[    0.000000] ACPI: RSDP 0x00000000000E0000 000024 (v02 VBOX  )
[    0.000000] ACPI: XSDT 0x000000003FFF0030 00003C (v01 VBOX   VBOXXSDT 00000001 ASL  00000061)
[    0.000000] ACPI: FACP 0x000000003FFF00F0 0000F4 (v04 VBOX   VBOXFACP 00000001 ASL  00000061)
[    0.000000] ACPI: DSDT 0x000000003FFF0470 0022EA (v02 VBOX   VBOXBIOS 00000002 INTL 20180105)
[    0.000000] ACPI: FACS 0x000000003FFF0200 000040
[    0.000000] ACPI: FACS 0x000000003FFF0200 000040
[    0.000000] ACPI: APIC 0x000000003FFF0240 000054 (v02 VBOX   VBOXAPIC 00000001 ASL  00000061)
[    0.000000] ACPI: SSDT 0x000000003FFF02A0 0001CC (v01 VBOX   VBOXCPUT 00000002 INTL 20180105)
[    0.000000] No NUMA configuration found
[    0.000000] Faking a node at [mem 0x0000000000000000-0x000000003ffeffff]
[    0.000000] NODE_DATA(0) allocated [mem 0x3ffeb000-0x3ffeffff]
[    0.000000] kvm-clock: Using msrs 4b564d01 and 4b564d00
[    0.000000] kvm-clock: cpu 0, msr 0:3ffe3001, primary cpu clock
[    0.000000] kvm-clock: using sched offset of 3862460490 cycles
[    0.000000] clocksource: kvm-clock: mask: 0xffffffffffffffff max_cycles: 0x1cd42e4dffb, max_idle_ns: 881590591483 ns
[    0.000000] Zone ranges:
[    0.000000]   DMA      [mem 0x0000000000001000-0x0000000000ffffff]
[    0.000000]   DMA32    [mem 0x0000000001000000-0x000000003ffeffff]
[    0.000000]   Normal   empty
[    0.000000]   Device   empty
[    0.000000] Movable zone start for each node
[    0.000000] Early memory node ranges
[    0.000000]   node   0: [mem 0x0000000000001000-0x000000000009efff]
[    0.000000]   node   0: [mem 0x0000000000100000-0x000000003ffeffff]
[    0.000000] Initmem setup node 0 [mem 0x0000000000001000-0x000000003ffeffff]
[    0.000000] ACPI: PM-Timer IO Port: 0x4008
[    0.000000] IOAPIC[0]: apic_id 1, version 32, address 0xfec00000, GSI 0-23
[    0.000000] ACPI: INT_SRC_OVR (bus 0 bus_irq 0 global_irq 2 dfl dfl)
[    0.000000] ACPI: INT_SRC_OVR (bus 0 bus_irq 9 global_irq 9 low level)
[    0.000000] Using ACPI (MADT) for SMP configuration information
[    0.000000] smpboot: Allowing 1 CPUs, 0 hotplug CPUs
[    0.000000] PM: Registered nosave memory: [mem 0x00000000-0x00000fff]
[    0.000000] PM: Registered nosave memory: [mem 0x0009f000-0x0009ffff]
[    0.000000] PM: Registered nosave memory: [mem 0x000a0000-0x000effff]
[    0.000000] PM: Registered nosave memory: [mem 0x000f0000-0x000fffff]
[    0.000000] e820: [mem 0x40000000-0xfebfffff] available for PCI devices
[    0.000000] Booting paravirtualized kernel on KVM
[    0.000000] clocksource: refined-jiffies: mask: 0xffffffff max_cycles: 0xffffffff, max_idle_ns: 7645519600211568 ns
[    0.000000] setup_percpu: NR_CPUS:512 nr_cpumask_bits:512 nr_cpu_ids:1 nr_node_ids:1
[    0.000000] PERCPU: Embedded 34 pages/cpu @ffff88003fc00000 s99480 r8192 d31592 u2097152
[    0.000000] Built 1 zonelists in Node order, mobility grouping on.  Total pages: 257912
[    0.000000] Policy zone: DMA32
[    0.000000] Kernel command line: BOOT_IMAGE=/boot/vmlinuz-4.4.0-154-generic root=LABEL=cloudimg-rootfs ro console=tty1 console=ttyS0
[    0.000000] PID hash table entries: 4096 (order: 3, 32768 bytes)
[    0.000000] Memory: 997872K/1048120K available (8613K kernel code, 1335K rwdata, 4028K rodata, 1484K init, 1284K bss, 50248K reserved, 0K cma-reserved)
[    0.000000] SLUB: HWalign=64, Order=0-3, MinObjects=0, CPUs=1, Nodes=1
[    0.000000] Kernel/User page tables isolation: enabled
[    0.000000] Hierarchical RCU implementation.
[    0.000000] 	Build-time adjustment of leaf fanout to 64.
[    0.000000] 	RCU restricting CPUs from NR_CPUS=512 to nr_cpu_ids=1.
[    0.000000] RCU: Adjusting geometry for rcu_fanout_leaf=64, nr_cpu_ids=1
[    0.000000] NR_IRQS:33024 nr_irqs:256 16
[    0.000000] Console: colour VGA+ 80x25
[    0.000000] console [tty1] enabled
[    0.000000] console [ttyS0] enabled
[    0.000000] tsc: Detected 3092.970 MHz processor
[    0.124161] Calibrating delay loop (skipped) preset value.. 6185.94 BogoMIPS (lpj=12371880)
[    0.125726] pid_max: default: 32768 minimum: 301
[    0.126561] ACPI: Core revision 20150930
[    0.128222] ACPI: 2 ACPI AML tables successfully acquired and loaded
[    0.129433] Security Framework initialized
[    0.130202] Yama: becoming mindful.
[    0.130897] AppArmor: AppArmor initialized
[    0.131747] Dentry cache hash table entries: 131072 (order: 8, 1048576 bytes)
[    0.133526] Inode-cache hash table entries: 65536 (order: 7, 524288 bytes)
[    0.134737] Mount-cache hash table entries: 2048 (order: 2, 16384 bytes)
[    0.135849] Mountpoint-cache hash table entries: 2048 (order: 2, 16384 bytes)
[    0.137158] Initializing cgroup subsys io
[    0.137949] Initializing cgroup subsys memory
[    0.138752] Initializing cgroup subsys devices
[    0.139566] Initializing cgroup subsys freezer
[    0.140400] Initializing cgroup subsys net_cls
[    0.141218] Initializing cgroup subsys perf_event
[    0.142082] Initializing cgroup subsys net_prio
[    0.142908] Initializing cgroup subsys hugetlb
[    0.143737] Initializing cgroup subsys pids
[    0.144605] mce: CPU supports 0 MCE banks
[    0.145379] process: using mwait in idle threads
[    0.146218] Last level iTLB entries: 4KB 512, 2MB 8, 4MB 8
[    0.147169] Last level dTLB entries: 4KB 512, 2MB 32, 4MB 32, 1GB 0
[    0.148224] Spectre V2 : Mitigation: Full generic retpoline
[    0.149200] Spectre V2 : Spectre v2 / SpectreRSB mitigation: Filling RSB on context switch
[    0.150698] Speculative Store Bypass: Vulnerable
[    0.151642] MDS: Mitigation: Clear CPU buffers
[    0.181616] Freeing SMP alternatives memory: 36K
[    0.188265] ftrace: allocating 32299 entries in 127 pages
[    0.248423] smpboot: APIC(0) Converting physical 0 to logical package 0
[    0.249575] smpboot: Max logical packages: 1
[    0.250583] x2apic enabled
[    0.251389] Switched APIC routing to physical x2apic.
[    0.253341] ..TIMER: vector=0x30 apic1=0 pin1=2 apic2=-1 pin2=-1
[    0.360265] smpboot: CPU0: Intel(R) Xeon(R) CPU E31220 @ 3.10GHz (family: 0x6, model: 0x2a, stepping: 0x7)
[    0.362152] Performance Events: unsupported p6 CPU model 42 no PMU driver, software events only.
[    0.373920] KVM setup paravirtual spinlock
[    0.375268] x86: Booted up 1 node, 1 CPUs
[    0.376024] smpboot: Total of 1 processors activated (6185.94 BogoMIPS)
[    0.377388] devtmpfs: initialized
[    0.380556] evm: security.selinux
[    0.381246] evm: security.SMACK64
[    0.381944] evm: security.SMACK64EXEC
[    0.382683] evm: security.SMACK64TRANSMUTE
[    0.383457] evm: security.SMACK64MMAP
[    0.384158] evm: security.ima
[    0.384768] evm: security.capability
[    0.385586] clocksource: jiffies: mask: 0xffffffff max_cycles: 0xffffffff, max_idle_ns: 7645041785100000 ns
[    0.387278] futex hash table entries: 256 (order: 2, 16384 bytes)
[    0.388376] pinctrl core: initialized pinctrl subsystem
[    0.389419] RTC time:  5:08:02, date: 08/27/19
[    0.390336] NET: Registered protocol family 16
[    0.391292] cpuidle: using governor ladder
[    0.392077] cpuidle: using governor menu
[    0.392818] PCCT header not found.
[    0.393578] ACPI: bus type PCI registered
[    0.394332] acpiphp: ACPI Hot Plug PCI Controller Driver version: 0.5
[    0.395479] PCI: Using configuration type 1 for base access
[    0.397498] ACPI: Added _OSI(Module Device)
[    0.398305] ACPI: Added _OSI(Processor Device)
[    0.399110] ACPI: Added _OSI(3.0 _SCP Extensions)
[    0.399948] ACPI: Added _OSI(Processor Aggregator Device)
[    0.401425] ACPI: Executed 1 blocks of module-level executable AML code
[    0.404251] ACPI: Interpreter enabled
[    0.404988] ACPI: (supports S0 S5)
[    0.405683] ACPI: Using IOAPIC for interrupt routing
[    0.406684] PCI: Using host bridge windows from ACPI; if necessary, use "pci=nocrs" and report a bug
[    0.411274] ACPI: PCI Root Bridge [PCI0] (domain 0000 [bus 00-ff])
[    0.412309] acpi PNP0A03:00: _OSC: OS supports [ASPM ClockPM Segments MSI]
[    0.413740] acpi PNP0A03:00: _OSC: not requesting OS control; OS requires [ExtendedConfig ASPM ClockPM MSI]
[    0.415418] acpi PNP0A03:00: fail to add MMCONFIG information, can't access extended PCI configuration space under this bridge.
[    0.417651] PCI host bridge to bus 0000:00
[    0.418416] pci_bus 0000:00: root bus resource [io  0x0000-0x0cf7 window]
[    0.419522] pci_bus 0000:00: root bus resource [io  0x0d00-0xffff window]
[    0.420624] pci_bus 0000:00: root bus resource [mem 0x000a0000-0x000bffff window]
[    0.422050] pci_bus 0000:00: root bus resource [mem 0x40000000-0xfdffffff window]
[    0.423443] pci_bus 0000:00: root bus resource [bus 00-ff]
[    0.425983] pci 0000:00:01.1: legacy IDE quirk: reg 0x10: [io  0x01f0-0x01f7]
[    0.427138] pci 0000:00:01.1: legacy IDE quirk: reg 0x14: [io  0x03f6]
[    0.428227] pci 0000:00:01.1: legacy IDE quirk: reg 0x18: [io  0x0170-0x0177]
[    0.429408] pci 0000:00:01.1: legacy IDE quirk: reg 0x1c: [io  0x0376]
[    0.442156] pci 0000:00:07.0: quirk: [io  0x4000-0x403f] claimed by PIIX4 ACPI
[    0.443534] pci 0000:00:07.0: quirk: [io  0x4100-0x410f] claimed by PIIX4 SMB
[    0.459934] ACPI: PCI Interrupt Link [LNKA] (IRQs 5 9 10 *11)
[    0.461469] ACPI: PCI Interrupt Link [LNKB] (IRQs 5 9 *10 11)
[    0.462864] ACPI: PCI Interrupt Link [LNKC] (IRQs 5 *9 10 11)
[    0.464253] ACPI: PCI Interrupt Link [LNKD] (IRQs 5 9 10 *11)
[    0.465689] ACPI: Enabled 2 GPEs in block 00 to 07
[    0.466840] vgaarb: setting as boot device: PCI:0000:00:02.0
[    0.467802] vgaarb: device added: PCI:0000:00:02.0,decodes=io+mem,owns=io+mem,locks=none
[    0.469273] vgaarb: loaded
[    0.469857] vgaarb: bridge control possible 0000:00:02.0
[    0.470998] SCSI subsystem initialized
[    0.471796] ACPI: bus type USB registered
[    0.472567] usbcore: registered new interface driver usbfs
[    0.473551] usbcore: registered new interface driver hub
[    0.474484] usbcore: registered new device driver usb
[    0.475636] PCI: Using ACPI for IRQ routing
[    0.476683] NetLabel: Initializing
[    0.477386] NetLabel:  domain hash size = 128
[    0.478204] NetLabel:  protocols = UNLABELED CIPSOv4
[    0.479086] NetLabel:  unlabeled traffic allowed by default
[    0.480113] amd_nb: Cannot enumerate AMD northbridges
[    0.481024] clocksource: Switched to clocksource kvm-clock
[    0.487389] AppArmor: AppArmor Filesystem Enabled
[    0.488316] pnp: PnP ACPI init
[    0.489675] pnp: PnP ACPI: found 3 devices
[    0.496618] clocksource: acpi_pm: mask: 0xffffff max_cycles: 0xffffff, max_idle_ns: 2085701024 ns
[    0.498304] NET: Registered protocol family 2
[    0.499246] TCP established hash table entries: 8192 (order: 4, 65536 bytes)
[    0.500411] TCP bind hash table entries: 8192 (order: 5, 131072 bytes)
[    0.501528] TCP: Hash tables configured (established 8192 bind 8192)
[    0.502617] UDP hash table entries: 512 (order: 2, 16384 bytes)
[    0.503636] UDP-Lite hash table entries: 512 (order: 2, 16384 bytes)
[    0.504722] NET: Registered protocol family 1
[    0.505565] pci 0000:00:00.0: Limiting direct PCI/PCI transfers
[    0.506586] pci 0000:00:01.0: Activating ISA DMA hang workarounds
[    0.507733] Unpacking initramfs...
[    0.702174] Freeing initrd memory: 14824K
[    0.703203] RAPL PMU detected, API unit is 2^-32 Joules, 3 fixed counters 10737418240 ms ovfl timer
[    0.704791] hw unit of domain pp0-core 2^-0 Joules
[    0.705694] hw unit of domain package 2^-0 Joules
[    0.706535] hw unit of domain pp1-gpu 2^-0 Joules
[    0.707402] clocksource: tsc: mask: 0xffffffffffffffff max_cycles: 0x2c9556e1b50, max_idle_ns: 440795310707 ns
[    0.709153] platform rtc_cmos: registered platform RTC device (no PNP device found)
[    0.710655] Scanning for low memory corruption every 60 seconds
[    0.711941] audit: initializing netlink subsys (disabled)
[    0.712890] audit: type=2000 audit(1566882488.131:1): initialized
[    0.714245] Initialise system trusted keyring
[    0.715157] HugeTLB registered 2 MB page size, pre-allocated 0 pages
[    0.718346] zbud: loaded
[    0.719238] VFS: Disk quotas dquot_6.6.0
[    0.720034] VFS: Dquot-cache hash table entries: 512 (order 0, 4096 bytes)
[    0.721401] squashfs: version 4.0 (2009/01/31) Phillip Lougher
[    0.722631] fuse init (API version 7.23)
[    0.723538] Key type big_key registered
[    0.724280] Allocating IMA MOK and blacklist keyrings.
[    0.725554] Key type asymmetric registered
[    0.726358] Asymmetric key parser 'x509' registered
[    0.727279] Block layer SCSI generic (bsg) driver version 0.4 loaded (major 249)
[    0.728678] io scheduler noop registered
[    0.729488] io scheduler deadline registered (default)
[    0.730416] io scheduler cfq registered
[    0.731248] pci_hotplug: PCI Hot Plug PCI Core version: 0.5
[    0.732222] pciehp: PCI Express Hot Plug Controller Driver version: 0.4
[    0.733469] ACPI: AC Adapter [AC] (on-line)
[    0.734291] input: Power Button as /devices/LNXSYSTM:00/LNXPWRBN:00/input/input0
[    0.735663] ACPI: Power Button [PWRF]
[    0.736418] input: Sleep Button as /devices/LNXSYSTM:00/LNXSLPBN:00/input/input1
[    0.737853] ACPI: Sleep Button [SLPF]
[    0.738680] GHES: HEST is not enabled!
[    0.739481] Serial: 8250/16550 driver, 32 ports, IRQ sharing enabled
[    0.761030] 00:02: ttyS0 at I/O 0x3f8 (irq = 4, base_baud = 115200) is a 16550A
[    0.770121] Linux agpgart interface v0.103
[    0.771816] loop: module loaded
[    0.772900] scsi host0: ata_piix
[    0.773673] scsi host1: ata_piix
[    0.774352] ata1: PATA max UDMA/33 cmd 0x1f0 ctl 0x3f6 bmdma 0xd000 irq 14
[    0.775478] ata2: PATA max UDMA/33 cmd 0x170 ctl 0x376 bmdma 0xd008 irq 15
[    0.776905] libphy: Fixed MDIO Bus: probed
[    0.777764] tun: Universal TUN/TAP device driver, 1.6
[    0.778703] tun: (C) 1999-2004 Max Krasnyansky <maxk@qualcomm.com>
[    0.780015] PPP generic driver version 2.4.2
[    0.780877] ehci_hcd: USB 2.0 'Enhanced' Host Controller (EHCI) Driver
[    0.782061] ehci-pci: EHCI PCI platform driver
[    0.782883] ehci-platform: EHCI generic platform driver
[    0.783872] ohci_hcd: USB 1.1 'Open' Host Controller (OHCI) Driver
[    0.784940] ohci-pci: OHCI PCI platform driver
[    0.785822] ohci-platform: OHCI generic platform driver
[    0.786770] uhci_hcd: USB Universal Host Controller Interface driver
[    0.787920] i8042: PNP: PS/2 Controller [PNP0303:PS2K,PNP0f03:PS2M] at 0x60,0x64 irq 1,12
[    0.789912] serio: i8042 KBD port at 0x60,0x64 irq 1
[    0.790822] serio: i8042 AUX port at 0x60,0x64 irq 12
[    0.791843] mousedev: PS/2 mouse device common for all mice
[    0.793050] input: AT Translated Set 2 keyboard as /devices/platform/i8042/serio0/input/input2
[    0.795017] rtc_cmos rtc_cmos: rtc core: registered rtc_cmos as rtc0
[    0.796134] rtc_cmos rtc_cmos: alarms up to one day, 114 bytes nvram
[    0.797195] i2c /dev entries driver
[    0.797993] device-mapper: uevent: version 1.0.3
[    0.798881] device-mapper: ioctl: 4.34.0-ioctl (2015-10-28) initialised: dm-devel@redhat.com
[    0.800395] ledtrig-cpu: registered to indicate activity on CPUs
[    0.801681] NET: Registered protocol family 10
[    0.802674] NET: Registered protocol family 17
[    0.803509] Key type dns_resolver registered
[    0.804484] registered taskstats version 1
[    0.805285] Loading compiled-in X.509 certificates
[    0.806873] Loaded X.509 cert 'Build time autogenerated kernel key: 65139e04a67245b562a838c28b5e7032abdd4348'
[    0.808600] zswap: loaded using pool lzo/zbud
[    0.811174] Key type trusted registered
[    0.815080] Key type encrypted registered
[    0.815851] AppArmor: AppArmor sha1 policy hashing enabled
[    0.816792] ima: No TPM chip found, activating TPM-bypass!
[    0.817813] ima: Allocated hash algorithm: sha1
[    0.818650] evm: HMAC attrs: 0x1
[    0.819546]   Magic number: 15:633:113
[    0.820318] rtc_cmos rtc_cmos: setting system clock to 2019-08-27 05:08:02 UTC (1566882482)
[    0.821991] BIOS EDD facility v0.16 2004-Jun-25, 0 devices found
[    0.823033] EDD information not available.
[    0.934045] Freeing unused kernel memory: 1484K
[    0.934938] Write protecting the kernel read-only data: 14336k
[    0.936250] Freeing unused kernel memory: 1616K
[    0.937187] Freeing unused kernel memory: 68K
Loading, please wait...
starting version 229
[    0.951348] random: udevadm: uninitialized urandom read (16 bytes read, 2 bits of entropy available)
[    0.953044] random: udevadm: uninitialized urandom read (16 bytes read, 2 bits of entropy available)
[    0.955404] random: systemd-udevd: uninitialized urandom read (16 bytes read, 2 bits of entropy available)
[    0.957255] random: systemd-udevd: uninitialized urandom read (16 bytes read, 2 bits of entropy available)
[    0.959066] random: systemd-udevd: uninitialized urandom read (16 bytes read, 2 bits of entropy available)
[    0.960795] random: systemd-udevd: uninitialized urandom read (16 bytes read, 2 bits of entropy available)
[    0.972743] random: systemd-udevd: uninitialized urandom read (16 bytes read, 2 bits of entropy available)
[    0.974709] random: systemd-udevd: uninitialized urandom read (16 bytes read, 2 bits of entropy available)
[    0.976435] random: systemd-udevd: uninitialized urandom read (16 bytes read, 2 bits of entropy available)
[    0.981136] random: systemd-udevd: uninitialized urandom read (16 bytes read, 2 bits of entropy available)
[    1.060929] e1000: Intel(R) PRO/1000 Network Driver - version 7.3.21-k8-NAPI
[    1.062217] e1000: Copyright (c) 1999-2006 Intel Corporation.
[    1.068525] Fusion MPT base driver 3.04.20
[    1.069309] Copyright (c) 1999-2008 LSI Corporation
[    1.091510] Fusion MPT SPI Host driver 3.04.20
[    1.124094] AVX version of gcm_enc/dec engaged.
[    1.124936] AES CTR mode by8 optimization enabled
[    1.280054] input: ImExPS/2 Generic Explorer Mouse as /devices/platform/i8042/serio1/input/input4
[    1.472418] e1000 0000:00:03.0 eth0: (PCI:33MHz:32-bit) 02:bd:e0:5c:30:55
[    1.474018] e1000 0000:00:03.0 eth0: Intel(R) PRO/1000 Network Connection
[    1.475756] mptbase: ioc0: Initiating bringup
[    1.537463] ioc0: LSI53C1030 A0: Capabilities={Initiator}
[    1.699305] scsi host2: ioc0: LSI53C1030 A0, FwRev=00000000h, Ports=1, MaxQ=256, IRQ=20
[    1.815409] scsi 2:0:0:0: Direct-Access     VBOX     HARDDISK         1.0  PQ: 0 ANSI: 5
[    1.818583] scsi target2:0:0: Beginning Domain Validation
[    1.821779] scsi target2:0:0: Domain Validation skipping write tests
[    1.823939] scsi target2:0:0: Ending Domain Validation
[    1.825556] scsi target2:0:0: asynchronous
[    1.826576] scsi 2:0:1:0: Direct-Access     VBOX     HARDDISK         1.0  PQ: 0 ANSI: 5
[    1.828027] scsi target2:0:1: Beginning Domain Validation
[    1.829769] scsi target2:0:1: Domain Validation skipping write tests
[    1.831031] scsi target2:0:1: Ending Domain Validation
[    1.831966] scsi target2:0:1: asynchronous
[    1.981001] sd 2:0:0:0: Attached scsi generic sg0 type 0
[    1.982048] sd 2:0:0:0: [sda] 20971520 512-byte logical blocks: (10.7 GB/10.0 GiB)
[    1.983673] sd 2:0:1:0: [sdb] 20480 512-byte logical blocks: (10.5 MB/10.0 MiB)
[    1.985093] sd 2:0:1:0: Attached scsi generic sg1 type 0
[    1.986124] sd 2:0:1:0: [sdb] Write Protect is off
[    1.986983] sd 2:0:0:0: [sda] Write Protect is off
[    1.987917] sd 2:0:1:0: [sdb] Incomplete mode parameter data
[    1.988878] sd 2:0:1:0: [sdb] Assuming drive cache: write through
[    1.990004] sd 2:0:0:0: [sda] Incomplete mode parameter data
[    1.990978] sd 2:0:0:0: [sda] Assuming drive cache: write through
[    2.006307]  sda: sda1
[    2.007259] sd 2:0:0:0: [sda] Attached SCSI disk
[    2.033965] sd 2:0:1:0: [sdb] Attached SCSI disk
[    2.199084] e1000 0000:00:08.0 eth1: (PCI:33MHz:32-bit) 08:00:27:74:e2:62
[    2.200879] e1000 0000:00:08.0 eth1: Intel(R) PRO/1000 Network Connection
[    2.203258] e1000 0000:00:08.0 enp0s8: renamed from eth1
[    2.206177] e1000 0000:00:03.0 enp0s3: renamed from eth0
Begin: Loading essential drivers ... [    3.517048] md: linear personality registered for level -1
[    3.521371] md: multipath personality registered for level -4
[    3.525709] md: raid0 personality registered for level 0
[    3.530880] md: raid1 personality registered for level 1
[    3.617639] raid6: sse2x1   gen()  9713 MB/s
[    3.697635] raid6: sse2x1   xor()  7510 MB/s
[    3.777623] raid6: sse2x2   gen() 12151 MB/s
[    3.857628] raid6: sse2x2   xor()  8363 MB/s
[    3.937629] raid6: sse2x4   gen() 14028 MB/s
[    4.017616] raid6: sse2x4   xor() 10613 MB/s
[    4.018471] raid6: using algorithm sse2x4 gen() 14028 MB/s
[    4.019408] raid6: .... xor() 10613 MB/s, rmw enabled
[    4.020288] raid6: using ssse3x2 recovery algorithm
[    4.023626] xor: automatically using best checksumming function:
[    4.117617]    avx       : 65300.000 MB/sec
[    4.120520] async_tx: api initialized (async)
[    4.136102] md: raid6 personality registered for level 6
[    4.137106] md: raid5 personality registered for level 5
[    4.138050] md: raid4 personality registered for level 4
[    4.146062] md: raid10 personality registered for level 10
done.
Begin: Running /scripts/init-premount ... done.
Begin: Mounting root file system ... Begin: Running /scripts/local-top ... done.
Begin: Running /scripts/local-premount ... [    4.183720] Btrfs loaded
Scanning for Btrfs filesystems
done.
Warning: fsck not present, so skipping root file system
[    4.234231] EXT4-fs (sda1): mounted filesystem with ordered data mode. Opts: (null)
done.
Begin: Running /scripts/local-bottom ... done.
Begin: Running /scripts/init-bottom ... done.
[    4.743898] systemd[1]: systemd 229 running in system mode. (+PAM +AUDIT +SELINUX +IMA +APPARMOR +SMACK +SYSVINIT +UTMP +LIBCRYPTSETUP +GCRYPT +GNUTLS +ACL +XZ -LZ4 +SECCOMP +BLKID +ELFUTILS +KMOD -IDN)
[    4.750221] systemd[1]: Detected virtualization oracle.
[    4.752106] systemd[1]: Detected architecture x86-64.

Welcome to [1mUbuntu 16.04.6 LTS[0m!

[    4.778645] systemd[1]: Set hostname to <ubuntu>.
[    4.808028] systemd[1]: Initializing machine ID from random generator.
[    4.810473] systemd[1]: Installed transient /etc/machine-id file.
[    5.467296] random: nonblocking pool is initialized
[    5.479640] systemd[1]: Listening on Journal Audit Socket.
[[0;32m  OK  [0m] Listening on Journal Audit Socket.
[    5.481411] systemd[1]: Listening on Journal Socket (/dev/log).
[[0;32m  OK  [0m] Listening on Journal Socket (/dev/log).
[    5.483480] systemd[1]: Listening on Journal Socket.
[[0;32m  OK  [0m] Listening on Journal Socket.
[    5.485325] systemd[1]: Listening on LVM2 poll daemon socket.
[[0;32m  OK  [0m] Listening on LVM2 poll daemon socket.
[    5.487453] systemd[1]: Set up automount Arbitrary Executable File Formats File System Automount Point.
[[0;32m  OK  [0m] Set up automount Arbitrary Executab...ats File System Automount Point.
[    5.490339] systemd[1]: Listening on Syslog Socket.
[[0;32m  OK  [0m] Listening on Syslog Socket.
[    5.492036] systemd[1]: Reached target System Time Synchronized.
[[0;32m  OK  [0m] Reached target System Time Synchronized.
[    5.494045] systemd[1]: Listening on Device-mapper event daemon FIFOs.
[[0;32m  OK  [0m] Listening on Device-mapper event daemon FIFOs.
[    5.496172] systemd[1]: Started Forward Password Requests to Wall Directory Watch.
[[0;32m  OK  [0m] Started Forward Password Requests to Wall Directory Watch.
[    5.499085] systemd[1]: Created slice System Slice.
[[0;32m  OK  [0m] Created slice System Slice.
[    5.511804] systemd[1]: Mounting Debug File System...
         Mounting Debug File System...
[    5.514656] systemd[1]: Starting Uncomplicated firewall...
         Starting Uncomplicated firewall...
[    5.522373] systemd[1]: Starting Set console keymap...
         Starting Set console keymap...
[    5.526486] systemd[1]: Starting Create list of required static device nodes for the current kernel...
         Starting Create list of required st... nodes for the current kernel...
[    5.530056] systemd[1]: Reached target User and Group Name Lookups.
[[0;32m  OK  [0m] Reached target User and Group Name Lookups.
[    5.533706] systemd[1]: Listening on LVM2 metadata daemon socket.
[[0;32m  OK  [0m] Listening on LVM2 metadata daemon socket.
[    5.536917] systemd[1]: Reached target Encrypted Volumes.
[[0;32m  OK  [0m] Reached target Encrypted Volumes.
[    5.539575] systemd[1]: Starting Monitoring of LVM2 mirrors, snapshots etc. using dmeventd or progress polling...
         Starting Monitoring of LVM2 mirrors... dmeventd or progress polling...
[    5.543133] systemd[1]: Started Trigger resolvconf update for networkd DNS.
[[0;32m  OK  [0m] Started Trigger resolvconf update for networkd DNS.
[    5.548537] systemd[1]: Listening on udev Kernel Socket.
[[0;32m  OK  [0m] Listening on udev Kernel Socket.
[    5.552195] systemd[1]: Starting Journal Service...
         Starting Journal Service...
[    5.554536] systemd[1]: Starting Remount Root and Kernel File Systems...
         Starting Remount Root and Kernel File Systems...
[    5.558504] systemd[1]: Starting Nameserver information manager...
         Starting Nameserver information manager...
[    5.566302] systemd[1]: Mounting Huge Pages File System...
         Mounting Huge Pages File System...
[    5.570804] systemd[1]: Created slice system-serial\x2dgetty.slice.
[[0;32m  OK  [0m] Created slice system-serial\x2dgetty.slice.
[    5.573761] systemd[1]: Listening on udev Control Socket.
[[0;32m  OK  [0m] Listening on udev Control Socket.
[    5.647866] systemd[1]: Starting Load Kernel Modules...
         Starting Load Kernel Modules...
[    5.658115] systemd[1]: Mounting POSIX Message Queue File System...
         Mounting POSIX Message Queue File System...[    5.661576] EXT4-fs (sda1): re-mounted. Opts: (null)

[    5.664449] systemd[1]: Listening on /dev/initctl Compatibility Named Pipe.
[[0;32m  OK  [0m] Listening on /dev/initctl Compatibility Named Pipe.
[    5.668306] systemd[1]: Reached target Swap.
[[0;32m  OK  [0m] Reached target Swap.
[    5.671144] systemd[1]: Created slice User and Session Slice.
[[0;32m  OK  [0m] Created slice User and Session Slice.
[    5.673049] systemd[1]: Reached target Slices.
[[0;32m  OK  [0m] Reached target Slices.
[    5.676912] systemd[1]: Mounted Debug File System.
[[0;32m  OK  [0m] Mounted Debug File System.
[    5.678719] systemd[1]: Mounted Huge Pages File System.
[[0;32m  OK  [0m] Mounted Huge Pages File System.
[    5.681143] systemd[1]: Mounted POSIX Message Queue File System.
[[0;32m  OK  [0m] Mounted POSIX Message Queue File System.
[    5.684840] systemd[1]: Started Uncomplicated firewall.
[[0;32m  OK  [0m] Started Uncomplicated firewall.
[    5.687520] systemd[1]: Started Create list of required static device nodes for the current kernel.
[[0;32m  OK  [0m] Started Create list of required sta...ce nodes for the current kernel.
[    5.690941] systemd[1]: Started Remount Root and Kernel File Systems.
[[0;32m  OK  [0m] Started Remount Root and Kernel File Systems.
[    5.730887] systemd[1]: Starting Load/Save Random Seed...
         Starting Load/Save Random Seed...
[    5.781129] systemd[1]: Starting udev Coldplug all Devices...
         Starting udev Coldplug all Devices...
[    5.785074] systemd[1]: Starting Create Static Device Nodes in /dev...
         Starting Create Static Device Nodes in /dev...
[    5.788738] systemd[1]: Started Nameserver information manager.
[[0;32m  OK  [0m] Started Nameserver information manager.
[    5.845279] systemd[1]: Started Load/Save Random Seed.
[[0;32m  OK  [0m] Started Load/Save Random Seed.
[    5.885827] systemd[1]: Started Set console keymap.
[[0;32m  OK  [0m] Started Set console keymap.
[    5.892875] Loading iSCSI transport class v2.0-870.
[    5.951980] iscsi: registered transport (tcp)
[    5.962552] systemd[1]: Started udev Coldplug all Devices.
[[0;32m  OK  [0m] Started udev Coldplug all Devices.
[    5.985713] systemd[1]: Started LVM2 metadata daemon.
[[0;32m  OK  [0m] Started LVM2 metadata daemon.
[    6.008123] systemd[1]: Started Journal Service.
[[0;32m  OK  [0m] Started Journal Service.
         Starting Flush Journal to Persistent Storage...
[    6.082359] systemd-journald[377]: Received request to flush runtime journal from PID 1
[[0;32m  OK  [0m] Started Flush Journal to Persistent Storage.
[[0;32m  OK  [0m] Started Monitoring of LVM2 mirrors,...ng dmeventd or progress polling.
[    6.221049] iscsi: registered transport (iser)
[[0;32m  OK  [0m] Started Load Kernel Modules.
         Mounting FUSE Control File System...
         Starting Apply Kernel Variables...
[[0;32m  OK  [0m] Mounted FUSE Control File System.
[[0;32m  OK  [0m] Started Create Static Device Nodes in /dev.
         Starting udev Kernel Device Manager...
[[0;32m  OK  [0m] Reached target Local File Systems (Pre).
[[0;32m  OK  [0m] Reached target Local File Systems.
         Starting Create Volatile Files and Directories...
         Starting LSB: AppArmor initialization...
         Starting Initial cloud-init job (pre-networking)...
         Starting Tell Plymouth To Write Out Runtime Data...
         Starting Commit a transient machine-id on disk...
         Starting Set console font and keymap...
[[0;32m  OK  [0m] Started Apply Kernel Variables.
[[0;32m  OK  [0m] Started Commit a transient machine-id on disk.
[[0;32m  OK  [0m] Started Create Volatile Files and Directories.
         Starting Update UTMP about System Boot/Shutdown...
[[0;32m  OK  [0m] Started Tell Plymouth To Write Out Runtime Data.
[[0;32m  OK  [0m] Started Update UTMP about System Boot/Shutdown.
[[0;32m  OK  [0m] Started udev Kernel Device Manager.
[[0;32m  OK  [0m] Started Dispatch Password Requests to Console Directory Watch.
[[0;32m  OK  [0m] Started Set console font and keymap.
[[0;32m  OK  [0m] Created slice system-getty.slice.
[[0;32m  OK  [0m] Found device /dev/ttyS0.
[[0;32m  OK  [0m] Listening on Load/Save RF Kill Switch Status /dev/rfkill Watch.
[[0;32m  OK  [0m] Started LSB: AppArmor initialization.
[    9.864927] cloud-init[463]: Cloud-init v. 19.1-1-gbaa47854-0ubuntu1~16.04.1 running 'init-local' at Tue, 27 Aug 2019 05:08:11 +0000. Up 9.42 seconds.
[[0;32m  OK  [0m] Started Initial cloud-init job (pre-networking).
[[0;32m  OK  [0m] Reached target Network (Pre).
         Starting Raise network interfaces...
[[0;32m  OK  [0m] Started Raise network interfaces.
         Starting Initial cloud-init job (metadata service crawler)...
[[0;32m  OK  [0m] Reached target Network.
[   13.174855] cloud-init[963]: Cloud-init v. 19.1-1-gbaa47854-0ubuntu1~16.04.1 running 'init' at Tue, 27 Aug 2019 05:08:12 +0000. Up 10.57 seconds.
[   13.176782] cloud-init[963]: ci-info: ++++++++++++++++++++++++++++++++++++++Net device info+++++++++++++++++++++++++++++++++++++++
[   13.178352] cloud-init[963]: ci-info: +--------+-------+----------------------------+---------------+--------+-------------------+
[   13.180482] cloud-init[963]: ci-info: | Device |   Up  |          Address           |      Mask     | Scope  |     Hw-Address    |
[   13.188918] cloud-init[963]: ci-info: +--------+-------+----------------------------+---------------+--------+-------------------+
[   13.190563] cloud-init[963]: ci-info: | enp0s3 |  True |         10.0.2.15          | 255.255.255.0 | global | 02:bd:e0:5c:30:55 |
[   13.192107] cloud-init[963]: ci-info: | enp0s3 |  True | fe80::bd:e0ff:fe5c:3055/64 |       .       |  link  | 02:bd:e0:5c:30:55 |
[   13.196564] cloud-init[963]: ci-info: | enp0s8 | False |             .              |       .       |   .    | 08:00:27:74:e2:62 |
[   13.198106] cloud-init[963]: ci-info: |   lo   |  True |         127.0.0.1          |   255.0.0.0   |  host  |         .         |
[   13.199682] cloud-init[963]: ci-info: |   lo   |  True |          ::1/128           |       .       |  host  |         .         |
[   13.204482] cloud-init[963]: ci-info: +--------+-------+----------------------------+---------------+--------+-------------------+
[   13.206330] cloud-init[963]: ci-info: +++++++++++++++++++++++++++Route IPv4 info++++++++++++++++++++++++++++
[   13.216424] cloud-init[963]: ci-info: +-------+-------------+----------+---------------+-----------+-------+
[   13.218070] cloud-init[963]: ci-info: | Route | Destination | Gateway  |    Genmask    | Interface | Flags |
[   13.219637] cloud-init[963]: ci-info: +-------+-------------+----------+---------------+-----------+-------+
[   13.221280] cloud-init[963]: ci-info: |   0   |   0.0.0.0   | 10.0.2.2 |    0.0.0.0    |   enp0s3  |   UG  |
[   13.222881] cloud-init[963]: ci-info: |   1   |   10.0.2.0  | 0.0.0.0  | 255.255.255.0 |   enp0s3  |   U   |
[   13.228524] cloud-init[963]: ci-info: +-------+-------------+----------+---------------+-----------+-------+
[   13.229887] cloud-init[963]: ci-info: +++++++++++++++++++Route IPv6 info+++++++++++++++++++
[   13.231345] cloud-init[963]: ci-info: +-------+-------------+---------+-----------+-------+
[   13.237114] cloud-init[963]: ci-info: | Route | Destination | Gateway | Interface | Flags |
[   13.244599] cloud-init[963]: ci-info: +-------+-------------+---------+-----------+-------+
[   13.245822] cloud-init[963]: ci-info: |   0   |  fe80::/64  |    ::   |   enp0s3  |   U   |
[   13.248418] cloud-init[963]: ci-info: |   3   |   ff00::/8  |    ::   |   enp0s3  |   U   |
[   13.249681] cloud-init[963]: ci-info: +-------+-------------+---------+-----------+-------+
[   13.252358] cloud-init[963]: Generating public/private rsa key pair.
[   13.253315] cloud-init[963]: Your identification has been saved in /etc/ssh/ssh_host_rsa_key.
[   13.254411] cloud-init[963]: Your public key has been saved in /etc/ssh/ssh_host_rsa_key.pub.
[   13.262818] cloud-init[963]: The key fingerprint is:
[   13.263954] cloud-init[963]: SHA256:5SgvVx0IVND6hYyzwrF+Ka5C+GVyyF7xKdUXT/2WxLg root@ubuntu-xenial
[   13.265262] cloud-init[963]: The key's randomart image is:
[   13.266311] cloud-init[963]: +---[RSA 2048]----+
[   13.267263] cloud-init[963]: |       .++.  .o  |
[   13.268233] cloud-init[963]: |         .o....o |
[   13.269251] cloud-init[963]: |       . +o=. o..|
[[0;32m  OK  [0m] Started Initial cloud-init job (metadata service crawler).
[[0;32m  OK  [0m] Reached target Network is Online.
         Starting iSCSI initiator daemon (iscsid)...
[   13.272822] cloud-init[963]: |    . o =++.oE .o|
[[0;32m  OK  [0m[   13.276653] cloud-init[963]: | o . =.+S=o..  . |
[   13.277135] cloud-init[963]: |. = * *o...      |
[   13.277827] cloud-init[963]: | + * o..o.       |
[   13.278534] cloud-init[963]: |  +   ooo        |
[   13.279224] cloud-init[963]: |   ..o.o         |
] Reached target Cloud-config availability.
[[0;32m  OK  [0m] Reached target System Initialization.
         Starting Socket activation for snappy daemon.
[[0;32m  OK  [0m] Listening on ACPID Listen Socket.
[[0;32m  OK  [0m] Listening on D-Bus System Message Bus Socket.
[   13.287084] cloud-init[963]: +----[SHA256]-----+
[   13.289052] cloud-init[963]: Generating public/private dsa key pair.
[   13.290126] cloud-init[963]: Your identification has been saved in /etc/ssh/ssh_host_dsa_key.
[   13.291452] cloud-init[963]: Your public key has been saved in /etc/ssh/ssh_host_dsa_key.pub.
[   13.292764] cloud-init[963]: The key fingerprint is:
         Starting LXD - unix socket.
[   13.297469] cloud-init[963]: SHA256:GnO22w7gkawj/vM7EqGsrMMoySRPE/S8inVRCWvF4Ww root@ubuntu-xenial
[[0;32m  OK  [0m] Started Daily Cleanup of Temporary Directories.
[   13.299933] cloud-init[963]: The key's randomart image is:
[[0;32m  OK  [0m] Started Daily apt download activities.
[   13.302184] cloud-init[963]: +---[DSA 1024]----+
[[0;32m  OK  [0m] Started Daily apt upgrade and clean activities.
[[0;32m  OK  [0m] Reached target Timers.
[   13.304152] cloud-init[963]: |    .ooo         |
[   13.305889] cloud-init[963]: |  .  =+          |
[   13.306811] cloud-init[963]: | . oo.E          |
[   13.308271] cloud-init[963]: |  ..=o .         |
[   13.309195] cloud-init[963]: | . o +B S        |
[   13.310085] cloud-init[963]: |..* +o O .       |
[   13.310975] cloud-init[963]: |BB.+o.o o        |[[0;32m  OK  [0m] Started ACPI Events Check.
[[0;32m  OK  [0m] Reached target Paths.
[[0;32m  OK  [0m] Listening on UUID daemon activation socket.
[[0;32m  OK  [0m] Listening on Socket activation for snappy daemon.
[[0;32m  OK  [0m
[   13.316874] cloud-init[963]: |B=o.o..  +       |
[   13.317578] cloud-init[963]: |+....+oo..o      |
[   13.318276] cloud-init[963]: +----[SHA256]-----+
[   13.318983] cloud-init[963]: Generating public/private ecdsa key pair.
[   13.319749] cloud-init[963]: Your identification has been saved in /etc/ssh/ssh_host_ecdsa_key.
] Listening on LXD - unix socket.
[   13.324957] cloud-init[963]: Your public key has been saved in /etc/ssh/ssh_host_ecdsa_key.pub.
[[0;32m  OK  [0m] Reached target Sockets.
[   13.328104] cloud-init[963]: The key fingerprint is:
[   13.329054] cloud-init[963]: SHA256:j1Nykodoj65rgWbJ3fzpWdCWZQhdHbJbeKbXUlq0v9M root@ubuntu-xenial
[[0;32m  OK  [0m] Reached target Basic System.
[   13.332050] cloud-init[963]: The key's randomart image is:
[   13.333715] cloud-init[963]: +---[ECDSA 256]---+
[   13.335508] cloud-init[963]: |        .. .o....|         Starting System Logging Service...
         Starting LXD - container startup/shutdown...

[   13.338651] cloud-init[963]: |         ... +...|
[   13.339390] cloud-init[963]: |          . = +.o|
[   13.340165] cloud-init[963]: |       . + + * =.|
[   13.345954] cloud-init[963]: | . + oo S B o + o|
[   13.346901] cloud-init[963]: |  * o.oo @   . .o|
[   13.349249] cloud-init[963]: | o   ...+.o    oE|
[   13.350567] cloud-init[963]: |    ..  o+      .|
[   13.351479] cloud-init[963]: |   .oo..o        |
[   13.352299] [[0;32m  OK  [0m] Started Regular background program processing daemon.
         Starting Virtualbox guest utils...
cloud-init[963]: +----[SHA256]-----+
[   13.357280] cloud-init[963]: Generating public/private ed25519 key pair.
[   13.358649] cloud-init[963]: Your identification has been saved in /etc/ssh/ssh_host_ed25519_key.
[   13.361570] cloud-init[963]: Your public key has been saved in /etc/ssh/ssh_host_ed25519_key.pub.
         Starting Login Service...
[[0;32m  OK  [0m] Started FUSE filesystem for LXC.
[   13.367123] cloud-init[963]: The key fingerprint is:
[   13.370608] cloud-init[963]: SHA256:HSDqyzWDvOSDkEz/3A2qf3TiYSspIxLnQ8WmQSqT5Y0 root@ubuntu-xenial
[   13.372385] cloud-init[963]: The key's randomart image is:
[   13.374026] cloud-init[963]: +--[ED25519 256]--+
         Starting Accounts Service...
[   13.375625] cloud-init[963]: |      . .        |
[   13.378906] cloud-init[963]: |  o  . . .       |
[   13.380841] cloud-init[963]: | B +.     .      |
[   13.382473] cloud-init[963]: |B.Eo=.   . .     |
[   13.383249] cloud-init[963]: |+o *= +.S .      |
[   13.384241] cloud-init[963]: |..+=o+oBo.       |
[   13.385048] cloud-init[963]: | =. *+=.=.       |
[   13.385968] cloud-init[963]: |..oo.+ +         |
[   13.387121] cloud-init[963]: |. .o+.o          |
[   13.388065] cloud-init[963]: +----[SHA256]-----+
[[0;32m  OK  [0m] Started ACPI event daemon.
         Starting LSB: Record successful boot for GRUB...
[[0;32m  OK  [0m] Started D-Bus System Message Bus.
         Starting Pollinate to seed the pseudo random number generator...
         Starting /etc/rc.local Compatibility...
         Starting Snappy daemon...
[[0;32m  OK  [0m] Started Deferred execution scheduler.
         Starting LSB: MD monitoring daemon...
[[0;32m  OK  [0m] Started System Logging Service.
[[0;32m  OK  [0m] Started /etc/rc.local Compatibility.
[[0;32m  OK  [0m] Started Login Service.
[[0;32m  OK  [0m] Started Unattended Upgrades Shutdown.
[[0;32m  OK  [0m] Started iSCSI initiator daemon (iscsid).
         Starting Login to default iSCSI targets...
[[0;32m  OK  [0m] Started LSB: Record successful boot for GRUB.
         Starting Authenticate and Authorize Users to Run Privileged Tasks...
[[0;32m  OK  [0m] Started LSB: MD monitoring daemon.
[[0;32m  OK  [0m] Started Login to default iSCSI targets.
[[0;32m  OK  [0m] Reached target Remote File Systems (Pre).
[[0;32m  OK  [0m] Reached target Remote File Systems.
         Starting LSB: daemon to balance interrupts for SMP systems...
         Starting LSB: automatic crash report generation...
         Starting Permit User Sessions...
         Starting LSB: Set the CPU Frequency Scaling governor to "ondemand"...
[[0;32m  OK  [0m] Started LSB: Set the CPU Frequency Scaling governor to "ondemand".
[[0;32m  OK  [0m] Started Permit User Sessions.
         Starting Hold until boot process finishes up...
         Starting Terminate Plymouth Boot Screen...
[[0;32m  OK  [0m] Started Hold until boot process finishes up.
[[0;32m  OK  [0m] Started Getty on tty1.
         Starting Set console scheme...
[[0;32m  OK  [0m] Started Serial Getty on ttyS0.
[[0;32m  OK  [0m] Reached target Login Prompts.
[[0;32m  OK  [0m] Started Terminate Plymouth Boot Screen.
[[0;32m  OK  [0m] Started Set console scheme.
[[0;32m  OK  [0m] Started LSB: automatic crash report generation.
[[0;32m  OK  [0m] Started LSB: daemon to balance interrupts for SMP systems.
[[0;32m  OK  [0m] Started Authenticate and Authorize Users to Run Privileged Tasks.
[[0;32m  OK  [0m] Started Accounts Service.
[[0;32m  OK  [0m] Started Virtualbox guest utils.
[[0;32m  OK  [0m] Started LXD - container startup/shutdown.
[[0;32m  OK  [0m] Started Snappy daemon.
         Starting Wait until snapd is fully seeded...
[[0;32m  OK  [0m] Started Pollinate to seed the pseudo random number generator.
         Starting OpenBSD Secure Shell server...
[[0;32m  OK  [0m] Started OpenBSD Secure Shell server.
[[0;32m  OK  [0m] Created slice User Slice of vagrant.
         Starting User Manager for UID 1000...
[[0;32m  OK  [0m] Started Session 1 of user vagrant.
[[0;32m  OK  [0m] Started User Manager for UID 1000.

Ubuntu 16.04.6 LTS ubuntu-xenial ttyS0

ubuntu-xenial login: [   21.213439] cloud-init[1408]: Generating locales (this might take a while)...
[   22.627534] cloud-init[1408]:   en_US.UTF-8... done
[   22.628513] cloud-init[1408]: Generation complete.
[   23.615261] cloud-init[1408]: Cloud-init v. 19.1-1-gbaa47854-0ubuntu1~16.04.1 running 'modules:config' at Tue, 27 Aug 2019 05:08:22 +0000. Up 20.50 seconds.
ci-info: no authorized ssh keys fingerprints found for user ubuntu.
<14>Aug 27 05:08:26 ec2: 
<14>Aug 27 05:08:26 ec2: #############################################################
<14>Aug 27 05:08:26 ec2: -----BEGIN SSH HOST KEY FINGERPRINTS-----
<14>Aug 27 05:08:26 ec2: 1024 SHA256:GnO22w7gkawj/vM7EqGsrMMoySRPE/S8inVRCWvF4Ww root@ubuntu-xenial (DSA)
<14>Aug 27 05:08:26 ec2: 256 SHA256:j1Nykodoj65rgWbJ3fzpWdCWZQhdHbJbeKbXUlq0v9M root@ubuntu-xenial (ECDSA)
<14>Aug 27 05:08:26 ec2: 256 SHA256:HSDqyzWDvOSDkEz/3A2qf3TiYSspIxLnQ8WmQSqT5Y0 root@ubuntu-xenial (ED25519)
<14>Aug 27 05:08:26 ec2: 2048 SHA256:5SgvVx0IVND6hYyzwrF+Ka5C+GVyyF7xKdUXT/2WxLg root@ubuntu-xenial (RSA)
<14>Aug 27 05:08:26 ec2: -----END SSH HOST KEY FINGERPRINTS-----
<14>Aug 27 05:08:26 ec2: #############################################################
-----BEGIN SSH HOST KEY KEYS-----
ecdsa-sha2-nistp256 AAAAE2VjZHNhLXNoYTItbmlzdHAyNTYAAAAIbmlzdHAyNTYAAABBBBoiCLYby4aCRtmJDER39op9T2rWIysPXDlPpxcm83I9UV9gOMFUsPHF6WT+6ISUP1P+i2GUQRvNQd8BGZWQhp0= root@ubuntu-xenial
ssh-ed25519 AAAAC3NzaC1lZDI1NTE5AAAAIGMSuajUUJVjYr0tQ4pkmAkotnH75wZ9YdtJ4oQdTl3o root@ubuntu-xenial
ssh-rsa AAAAB3NzaC1yc2EAAAADAQABAAABAQCrKBWUPC8warAN/V55wfSINzFizPu/Dhy0jkMB9sYJx5NbQ5obzNfhYEQDFF4Ukc92rLrQt54gGduzWW7/m5lSn0CGcaOsbYF9Iu51H7PUVKfJf4NBoKxNc6PScnxDZMRafBFf0y67xuO/NoZlWE3E6kuq7fDHvRMhXK6xftmwhmrJip8XLsmBVb9/+d9SZ/T9VCMzauTAMgZwQypEih4CAUcklruuefhq3l8xAxS/gTOvoeCr6zDhv4GIDTAz4OsTwwf52Nl6yzwljvTx8s9TvJTHHLwMlBsfdk13N6CoJQfJRhhV9z9qYbrdWYafnLo2PwLFqgyyZA/NHiwUPuRF root@ubuntu-xenial
-----END SSH HOST KEY KEYS-----
[   24.738609] cloud-init[1552]: Cloud-init v. 19.1-1-gbaa47854-0ubuntu1~16.04.1 running 'modules:final' at Tue, 27 Aug 2019 05:08:25 +0000. Up 23.98 seconds.
[   24.740109] cloud-init[1552]: ci-info: no authorized ssh keys fingerprints found for user ubuntu.
[   24.741528] cloud-init[1552]: Cloud-init v. 19.1-1-gbaa47854-0ubuntu1~16.04.1 finished at Tue, 27 Aug 2019 05:08:26 +0000. Datasource DataSourceNoCloud [seed=/dev/sdb][dsmode=net].  Up 24.72 seconds
